// Jest Snapshot v1, https://goo.gl/fbAQLP

exports[`SmartPick component Numbers in grid are selected after being clicked 1`] = `
<div
  className="container"
>
  <div
    className="row"
  >
    <span
      className="fa fa-list-ol fa-2x float-left ml-2 mr-2"
    />
    <h3>
      smart_pick
    </h3>
    <div
      className="col-12"
    >
      <hr />
    </div>
  </div>
  <div
    className="row row-content"
  >
    <div
      className="col-sm grid-container"
    >
      <div
        className="grid-numbers"
      >
        <div
          className="col-12"
        >
          <table>
            <tbody>
              <tr>
                <td>
                  <button
                    className="ball"
                    id="1-number"
                    onClick={[Function]}
                  >
                    1
                  </button>
                </td>
                <td>
                  <button
                    className="ball"
                    id="2-number"
                    onClick={[Function]}
                  >
                    2
                  </button>
                </td>
                <td>
                  <button
                    className="ball"
                    id="3-number"
                    onClick={[Function]}
                  >
                    3
                  </button>
                </td>
                <td>
                  <button
                    className="ball"
                    id="4-number"
                    onClick={[Function]}
                  >
                    4
                  </button>
                </td>
                <td>
                  <button
                    className="ball"
                    id="5-number"
                    onClick={[Function]}
                  >
                    5
                  </button>
                </td>
              </tr>
              <tr>
                <td>
                  <button
                    className="ball"
                    id="6-number"
                    onClick={[Function]}
                  >
                    6
                  </button>
                </td>
                <td>
                  <button
                    className="ball"
                    id="7-number"
                    onClick={[Function]}
                  >
                    7
                  </button>
                </td>
                <td>
                  <button
                    className="ball"
                    id="8-number"
                    onClick={[Function]}
                  >
                    8
                  </button>
                </td>
                <td>
                  <button
                    className="ball"
                    id="9-number"
                    onClick={[Function]}
                  >
                    9
                  </button>
                </td>
                <td>
                  <button
                    className="ball"
                    id="10-number"
                    onClick={[Function]}
                  >
                    10
                  </button>
                </td>
              </tr>
              <tr>
                <td>
                  <button
                    className="ball"
                    id="11-number"
                    onClick={[Function]}
                  >
                    11
                  </button>
                </td>
                <td>
                  <button
                    className="ball"
                    id="12-number"
                    onClick={[Function]}
                  >
                    12
                  </button>
                </td>
                <td>
                  <button
                    className="ball"
                    id="13-number"
                    onClick={[Function]}
                  >
                    13
                  </button>
                </td>
                <td>
                  <button
                    className="ball"
                    id="14-number"
                    onClick={[Function]}
                  >
                    14
                  </button>
                </td>
                <td>
                  <button
                    className="ball"
                    id="15-number"
                    onClick={[Function]}
                  >
                    15
                  </button>
                </td>
              </tr>
              <tr>
                <td>
                  <button
                    className="ball"
                    id="16-number"
                    onClick={[Function]}
                  >
                    16
                  </button>
                </td>
                <td>
                  <button
                    className="ball"
                    id="17-number"
                    onClick={[Function]}
                  >
                    17
                  </button>
                </td>
                <td>
                  <button
                    className="ball"
                    id="18-number"
                    onClick={[Function]}
                  >
                    18
                  </button>
                </td>
                <td>
                  <button
                    className="ball"
                    id="19-number"
                    onClick={[Function]}
                  >
                    19
                  </button>
                </td>
                <td>
                  <button
                    className="ball"
                    id="20-number"
                    onClick={[Function]}
                  >
                    20
                  </button>
                </td>
              </tr>
              <tr>
                <td>
                  <button
                    className="ball"
                    id="21-number"
                    onClick={[Function]}
                  >
                    21
                  </button>
                </td>
                <td>
                  <button
                    className="ball"
                    id="22-number"
                    onClick={[Function]}
                  >
                    22
                  </button>
                </td>
                <td>
                  <button
                    className="ball"
                    id="23-number"
                    onClick={[Function]}
                  >
                    23
                  </button>
                </td>
                <td>
                  <button
                    className="ball"
                    id="24-number"
                    onClick={[Function]}
                  >
                    24
                  </button>
                </td>
                <td>
                  <button
                    className="ball"
                    id="25-number"
                    onClick={[Function]}
                  >
                    25
                  </button>
                </td>
              </tr>
              <tr>
                <td>
                  <button
                    className="ball"
                    id="26-number"
                    onClick={[Function]}
                  >
                    26
                  </button>
                </td>
                <td>
                  <button
                    className="ball"
                    id="27-number"
                    onClick={[Function]}
                  >
                    27
                  </button>
                </td>
                <td>
                  <button
                    className="ball"
                    id="28-number"
                    onClick={[Function]}
                  >
                    28
                  </button>
                </td>
                <td>
                  <button
                    className="ball"
                    id="29-number"
                    onClick={[Function]}
                  >
                    29
                  </button>
                </td>
                <td>
                  <button
                    className="ball"
                    id="30-number"
                    onClick={[Function]}
                  >
                    30
                  </button>
                </td>
              </tr>
              <tr>
                <td>
                  <button
                    className="ball"
                    id="31-number"
                    onClick={[Function]}
                  >
                    31
                  </button>
                </td>
                <td>
                  <button
                    className="ball"
                    id="32-number"
                    onClick={[Function]}
                  >
                    32
                  </button>
                </td>
                <td>
                  <button
                    className="ball"
                    id="33-number"
                    onClick={[Function]}
                  >
                    33
                  </button>
                </td>
                <td>
                  <button
                    className="ball"
                    id="34-number"
                    onClick={[Function]}
                  >
                    34
                  </button>
                </td>
                <td>
                  <button
                    className="ball"
                    id="35-number"
                    onClick={[Function]}
                  >
                    35
                  </button>
                </td>
              </tr>
              <tr>
                <td>
                  <button
                    className="ball"
                    id="36-number"
                    onClick={[Function]}
                  >
                    36
                  </button>
                </td>
                <td>
                  <button
                    className="ball"
                    id="37-number"
                    onClick={[Function]}
                  >
                    37
                  </button>
                </td>
                <td>
                  <button
                    className="ball"
                    id="38-number"
                    onClick={[Function]}
                  >
                    38
                  </button>
                </td>
                <td>
                  <button
                    className="ball"
                    id="39-number"
                    onClick={[Function]}
                  >
                    39
                  </button>
                </td>
                <td>
                  <button
                    className="ball"
                    id="40-number"
                    onClick={[Function]}
                  >
                    40
                  </button>
                </td>
              </tr>
              <tr>
                <td>
                  <button
                    className="ball"
                    id="41-number"
                    onClick={[Function]}
                  >
                    41
                  </button>
                </td>
                <td>
                  <button
                    className="ball"
                    id="42-number"
                    onClick={[Function]}
                  >
                    42
                  </button>
                </td>
                <td>
                  <button
                    className="ball"
                    id="43-number"
                    onClick={[Function]}
                  >
                    43
                  </button>
                </td>
                <td>
                  <button
                    className="ball"
                    id="44-number"
                    onClick={[Function]}
                  >
                    44
                  </button>
                </td>
                <td>
                  <button
                    className="ball"
                    id="45-number"
                    onClick={[Function]}
                  >
                    45
                  </button>
                </td>
              </tr>
              <tr>
                <td>
                  <button
                    className="ball"
                    id="46-number"
                    onClick={[Function]}
                  >
                    46
                  </button>
                </td>
                <td>
                  <button
                    className="ball"
                    id="47-number"
                    onClick={[Function]}
                  >
                    47
                  </button>
                </td>
                <td>
                  <button
                    className="ball"
                    id="48-number"
                    onClick={[Function]}
                  >
                    48
                  </button>
                </td>
                <td>
                  <button
                    className="ball"
                    id="49-number"
                    onClick={[Function]}
                  >
                    49
                  </button>
                </td>
                <td>
                  <button
                    className="ball"
                    id="50-number"
                    onClick={[Function]}
                  >
                    50
                  </button>
                </td>
              </tr>
            </tbody>
          </table>
        </div>
      </div>
      <div
        className="grid-stars"
      >
        <div
          className="col-12"
        >
          <table>
            <tbody>
              <tr>
                <td>
                  <button
                    className="ball"
                    id="1-star"
                    onClick={[Function]}
                  >
                    1
                  </button>
                </td>
                <td>
                  <button
                    className="ball"
                    id="2-star"
                    onClick={[Function]}
                  >
                    2
                  </button>
                </td>
                <td>
                  <button
                    className="ball"
                    id="3-star"
                    onClick={[Function]}
                  >
                    3
                  </button>
                </td>
                <td>
                  <button
                    className="ball"
                    id="4-star"
                    onClick={[Function]}
                  >
                    4
                  </button>
                </td>
                <td>
                  <button
                    className="ball"
                    id="5-star"
                    onClick={[Function]}
                  >
                    5
                  </button>
                </td>
              </tr>
              <tr>
                <td>
                  <button
                    className="ball"
                    id="6-star"
                    onClick={[Function]}
                  >
                    6
                  </button>
                </td>
                <td>
                  <button
                    className="ball"
                    id="7-star"
                    onClick={[Function]}
                  >
                    7
                  </button>
                </td>
                <td>
                  <button
                    className="ball"
                    id="8-star"
                    onClick={[Function]}
                  >
                    8
                  </button>
                </td>
                <td>
                  <button
                    className="ball"
                    id="9-star"
                    onClick={[Function]}
                  >
                    9
                  </button>
                </td>
                <td>
                  <button
                    className="ball"
                    id="10-star"
                    onClick={[Function]}
                  >
                    10
                  </button>
                </td>
              </tr>
              <tr>
                <td>
                  <button
                    className="ball"
                    id="11-star"
                    onClick={[Function]}
                  >
                    11
                  </button>
                </td>
                <td>
                  <button
                    className="ball"
                    id="12-star"
                    onClick={[Function]}
                  >
                    12
                  </button>
                </td>
              </tr>
            </tbody>
          </table>
        </div>
      </div>
    </div>
    <div
      className="col-sm align-self-center selection-container"
    >
      <div
        className="selection-numbers-and-stars"
      >
        <h5>
          <img
            alt="Selected balls"
            height="40"
            src="assets/images/ball.png"
            width="40"
          />
          <span
            className="selection numbers"
            id="selection-numbers"
          />
        </h5>
        <h5>
          <img
            alt="Selected stars"
            height="40"
            src="assets/images/star.jpg"
            width="40"
          />
          <span
            className="selection stars"
            id="selection-stars"
          />
        </h5>
      </div>
      <button
        className="generate-button"
        id="generate-button"
        onClick={[Function]}
      >
        generate
      </button>
      <button
        className="reset-button"
        id="reset-button"
        onClick={[Function]}
      >
        reset
      </button>
    </div>
    <div
      className="col-sm align-self-center probability-container"
    >
      <div
        data-test-id="CircularProgressbarWithChildren"
      >
        <div
          style={
            Object {
              "height": "100%",
              "position": "relative",
              "width": "100%",
            }
          }
        >
          <svg
            className="CircularProgressbar "
            data-test-id="CircularProgressbar"
            style={Object {}}
            viewBox="0 0 100 100"
          >
            <path
              className="CircularProgressbar-trail"
              d="
      M 50,50
      m 0,-46
      a 46,46 0 1 1 0,92
      a 46,46 0 1 1 0,-92
    "
              fillOpacity={0}
              strokeWidth={8}
              style={
                Object {
                  "strokeDasharray": "289.02652413026095px 289.02652413026095px",
                  "strokeDashoffset": "0px",
                }
              }
            />
            <path
              className="CircularProgressbar-path"
              d="
      M 50,50
      m 0,-46
      a 46,46 0 1 1 0,92
      a 46,46 0 1 1 0,-92
    "
              fillOpacity={0}
              strokeWidth={8}
              style={
                Object {
                  "strokeDasharray": "289.02652413026095px 289.02652413026095px",
                  "strokeDashoffset": "289.02652413026095px",
                }
              }
            />
          </svg>
          <div
            data-test-id="CircularProgressbarWithChildren__children"
            style={
              Object {
                "alignItems": "center",
                "display": "flex",
                "flexDirection": "column",
                "height": "100%",
                "justifyContent": "center",
                "marginTop": "-100%",
                "position": "absolute",
                "width": "100%",
              }
            }
          >
            <div
              style={
                Object {
                  "fontSize": 16,
                  "marginTop": -5,
                  "textAlign": "center",
                }
              }
            >
              <p>
                probability_of_success
              </p>
              <h1
                id="probability"
              >
                0%
              </h1>
            </div>
          </div>
        </div>
      </div>
    </div>
  </div>
</div>
`;

exports[`SmartPick component Reset button empties selection list 1`] = `
<div
  className="container"
>
  <div
    className="row"
  >
    <span
      className="fa fa-list-ol fa-2x float-left ml-2 mr-2"
    />
    <h3>
      smart_pick
    </h3>
    <div
      className="col-12"
    >
      <hr />
    </div>
  </div>
  <div
    className="row row-content"
  >
    <div
      className="col-sm grid-container"
    >
      <div
        className="grid-numbers"
      >
        <div
          className="col-12"
        >
          <table>
            <tbody>
              <tr>
                <td>
                  <button
                    className="ball"
                    id="1-number"
                    onClick={[Function]}
                  >
                    1
                  </button>
                </td>
                <td>
                  <button
                    className="ball"
                    id="2-number"
                    onClick={[Function]}
                  >
                    2
                  </button>
                </td>
                <td>
                  <button
                    className="ball"
                    id="3-number"
                    onClick={[Function]}
                  >
                    3
                  </button>
                </td>
                <td>
                  <button
                    className="ball"
                    id="4-number"
                    onClick={[Function]}
                  >
                    4
                  </button>
                </td>
                <td>
                  <button
                    className="ball"
                    id="5-number"
                    onClick={[Function]}
                  >
                    5
                  </button>
                </td>
              </tr>
              <tr>
                <td>
                  <button
                    className="ball"
                    id="6-number"
                    onClick={[Function]}
                  >
                    6
                  </button>
                </td>
                <td>
                  <button
                    className="ball"
                    id="7-number"
                    onClick={[Function]}
                  >
                    7
                  </button>
                </td>
                <td>
                  <button
                    className="ball"
                    id="8-number"
                    onClick={[Function]}
                  >
                    8
                  </button>
                </td>
                <td>
                  <button
                    className="ball"
                    id="9-number"
                    onClick={[Function]}
                  >
                    9
                  </button>
                </td>
                <td>
                  <button
                    className="ball"
                    id="10-number"
                    onClick={[Function]}
                  >
                    10
                  </button>
                </td>
              </tr>
              <tr>
                <td>
                  <button
                    className="ball"
                    id="11-number"
                    onClick={[Function]}
                  >
                    11
                  </button>
                </td>
                <td>
                  <button
                    className="ball"
                    id="12-number"
                    onClick={[Function]}
                  >
                    12
                  </button>
                </td>
                <td>
                  <button
                    className="ball"
                    id="13-number"
                    onClick={[Function]}
                  >
                    13
                  </button>
                </td>
                <td>
                  <button
                    className="ball"
                    id="14-number"
                    onClick={[Function]}
                  >
                    14
                  </button>
                </td>
                <td>
                  <button
                    className="ball"
                    id="15-number"
                    onClick={[Function]}
                  >
                    15
                  </button>
                </td>
              </tr>
              <tr>
                <td>
                  <button
                    className="ball"
                    id="16-number"
                    onClick={[Function]}
                  >
                    16
                  </button>
                </td>
                <td>
                  <button
                    className="ball"
                    id="17-number"
                    onClick={[Function]}
                  >
                    17
                  </button>
                </td>
                <td>
                  <button
                    className="ball"
                    id="18-number"
                    onClick={[Function]}
                  >
                    18
                  </button>
                </td>
                <td>
                  <button
                    className="ball"
                    id="19-number"
                    onClick={[Function]}
                  >
                    19
                  </button>
                </td>
                <td>
                  <button
                    className="ball"
                    id="20-number"
                    onClick={[Function]}
                  >
                    20
                  </button>
                </td>
              </tr>
              <tr>
                <td>
                  <button
                    className="ball"
                    id="21-number"
                    onClick={[Function]}
                  >
                    21
                  </button>
                </td>
                <td>
                  <button
                    className="ball"
                    id="22-number"
                    onClick={[Function]}
                  >
                    22
                  </button>
                </td>
                <td>
                  <button
                    className="ball"
                    id="23-number"
                    onClick={[Function]}
                  >
                    23
                  </button>
                </td>
                <td>
                  <button
                    className="ball"
                    id="24-number"
                    onClick={[Function]}
                  >
                    24
                  </button>
                </td>
                <td>
                  <button
                    className="ball"
                    id="25-number"
                    onClick={[Function]}
                  >
                    25
                  </button>
                </td>
              </tr>
              <tr>
                <td>
                  <button
                    className="ball"
                    id="26-number"
                    onClick={[Function]}
                  >
                    26
                  </button>
                </td>
                <td>
                  <button
                    className="ball"
                    id="27-number"
                    onClick={[Function]}
                  >
                    27
                  </button>
                </td>
                <td>
                  <button
                    className="ball"
                    id="28-number"
                    onClick={[Function]}
                  >
                    28
                  </button>
                </td>
                <td>
                  <button
                    className="ball"
                    id="29-number"
                    onClick={[Function]}
                  >
                    29
                  </button>
                </td>
                <td>
                  <button
                    className="ball"
                    id="30-number"
                    onClick={[Function]}
                  >
                    30
                  </button>
                </td>
              </tr>
              <tr>
                <td>
                  <button
                    className="ball"
                    id="31-number"
                    onClick={[Function]}
                  >
                    31
                  </button>
                </td>
                <td>
                  <button
                    className="ball"
                    id="32-number"
                    onClick={[Function]}
                  >
                    32
                  </button>
                </td>
                <td>
                  <button
                    className="ball"
                    id="33-number"
                    onClick={[Function]}
                  >
                    33
                  </button>
                </td>
                <td>
                  <button
                    className="ball"
                    id="34-number"
                    onClick={[Function]}
                  >
                    34
                  </button>
                </td>
                <td>
                  <button
                    className="ball"
                    id="35-number"
                    onClick={[Function]}
                  >
                    35
                  </button>
                </td>
              </tr>
              <tr>
                <td>
                  <button
                    className="ball"
                    id="36-number"
                    onClick={[Function]}
                  >
                    36
                  </button>
                </td>
                <td>
                  <button
                    className="ball"
                    id="37-number"
                    onClick={[Function]}
                  >
                    37
                  </button>
                </td>
                <td>
                  <button
                    className="ball"
                    id="38-number"
                    onClick={[Function]}
                  >
                    38
                  </button>
                </td>
                <td>
                  <button
                    className="ball"
                    id="39-number"
                    onClick={[Function]}
                  >
                    39
                  </button>
                </td>
                <td>
                  <button
                    className="ball"
                    id="40-number"
                    onClick={[Function]}
                  >
                    40
                  </button>
                </td>
              </tr>
              <tr>
                <td>
                  <button
                    className="ball"
                    id="41-number"
                    onClick={[Function]}
                  >
                    41
                  </button>
                </td>
                <td>
                  <button
                    className="ball"
                    id="42-number"
                    onClick={[Function]}
                  >
                    42
                  </button>
                </td>
                <td>
                  <button
                    className="ball"
                    id="43-number"
                    onClick={[Function]}
                  >
                    43
                  </button>
                </td>
                <td>
                  <button
                    className="ball"
                    id="44-number"
                    onClick={[Function]}
                  >
                    44
                  </button>
                </td>
                <td>
                  <button
                    className="ball"
                    id="45-number"
                    onClick={[Function]}
                  >
                    45
                  </button>
                </td>
              </tr>
              <tr>
                <td>
                  <button
                    className="ball"
                    id="46-number"
                    onClick={[Function]}
                  >
                    46
                  </button>
                </td>
                <td>
                  <button
                    className="ball"
                    id="47-number"
                    onClick={[Function]}
                  >
                    47
                  </button>
                </td>
                <td>
                  <button
                    className="ball"
                    id="48-number"
                    onClick={[Function]}
                  >
                    48
                  </button>
                </td>
                <td>
                  <button
                    className="ball"
                    id="49-number"
                    onClick={[Function]}
                  >
                    49
                  </button>
                </td>
                <td>
                  <button
                    className="ball"
                    id="50-number"
                    onClick={[Function]}
                  >
                    50
                  </button>
                </td>
              </tr>
            </tbody>
          </table>
        </div>
      </div>
      <div
        className="grid-stars"
      >
        <div
          className="col-12"
        >
          <table>
            <tbody>
              <tr>
                <td>
                  <button
                    className="ball"
                    id="1-star"
                    onClick={[Function]}
                  >
                    1
                  </button>
                </td>
                <td>
                  <button
                    className="ball"
                    id="2-star"
                    onClick={[Function]}
                  >
                    2
                  </button>
                </td>
                <td>
                  <button
                    className="ball"
                    id="3-star"
                    onClick={[Function]}
                  >
                    3
                  </button>
                </td>
                <td>
                  <button
                    className="ball"
                    id="4-star"
                    onClick={[Function]}
                  >
                    4
                  </button>
                </td>
                <td>
                  <button
                    className="ball"
                    id="5-star"
                    onClick={[Function]}
                  >
                    5
                  </button>
                </td>
              </tr>
              <tr>
                <td>
                  <button
                    className="ball"
                    id="6-star"
                    onClick={[Function]}
                  >
                    6
                  </button>
                </td>
                <td>
                  <button
                    className="ball"
                    id="7-star"
                    onClick={[Function]}
                  >
                    7
                  </button>
                </td>
                <td>
                  <button
                    className="ball"
                    id="8-star"
                    onClick={[Function]}
                  >
                    8
                  </button>
                </td>
                <td>
                  <button
                    className="ball"
                    id="9-star"
                    onClick={[Function]}
                  >
                    9
                  </button>
                </td>
                <td>
                  <button
                    className="ball"
                    id="10-star"
                    onClick={[Function]}
                  >
                    10
                  </button>
                </td>
              </tr>
              <tr>
                <td>
                  <button
                    className="ball"
                    id="11-star"
                    onClick={[Function]}
                  >
                    11
                  </button>
                </td>
                <td>
                  <button
                    className="ball"
                    id="12-star"
                    onClick={[Function]}
                  >
                    12
                  </button>
                </td>
              </tr>
            </tbody>
          </table>
        </div>
      </div>
    </div>
    <div
      className="col-sm align-self-center selection-container"
    >
      <div
        className="selection-numbers-and-stars"
      >
        <h5>
          <img
            alt="Selected balls"
            height="40"
            src="assets/images/ball.png"
            width="40"
          />
          <span
            className="selection numbers"
            id="selection-numbers"
          />
        </h5>
        <h5>
          <img
            alt="Selected stars"
            height="40"
            src="assets/images/star.jpg"
            width="40"
          />
          <span
            className="selection stars"
            id="selection-stars"
          />
        </h5>
      </div>
      <button
        className="generate-button"
        id="generate-button"
        onClick={[Function]}
      >
        generate
      </button>
      <button
        className="reset-button"
        id="reset-button"
        onClick={[Function]}
      >
        reset
      </button>
    </div>
    <div
      className="col-sm align-self-center probability-container"
    >
      <div
        data-test-id="CircularProgressbarWithChildren"
      >
        <div
          style={
            Object {
              "height": "100%",
              "position": "relative",
              "width": "100%",
            }
          }
        >
          <svg
            className="CircularProgressbar "
            data-test-id="CircularProgressbar"
            style={Object {}}
            viewBox="0 0 100 100"
          >
            <path
              className="CircularProgressbar-trail"
              d="
      M 50,50
      m 0,-46
      a 46,46 0 1 1 0,92
      a 46,46 0 1 1 0,-92
    "
              fillOpacity={0}
              strokeWidth={8}
              style={
                Object {
                  "strokeDasharray": "289.02652413026095px 289.02652413026095px",
                  "strokeDashoffset": "0px",
                }
              }
            />
            <path
              className="CircularProgressbar-path"
              d="
      M 50,50
      m 0,-46
      a 46,46 0 1 1 0,92
      a 46,46 0 1 1 0,-92
    "
              fillOpacity={0}
              strokeWidth={8}
              style={
                Object {
                  "strokeDasharray": "289.02652413026095px 289.02652413026095px",
                  "strokeDashoffset": "289.02652413026095px",
                }
              }
            />
          </svg>
          <div
            data-test-id="CircularProgressbarWithChildren__children"
            style={
              Object {
                "alignItems": "center",
                "display": "flex",
                "flexDirection": "column",
                "height": "100%",
                "justifyContent": "center",
                "marginTop": "-100%",
                "position": "absolute",
                "width": "100%",
              }
            }
          >
            <div
              style={
                Object {
                  "fontSize": 16,
                  "marginTop": -5,
                  "textAlign": "center",
                }
              }
            >
              <p>
                probability_of_success
              </p>
              <h1
                id="probability"
              >
                0%
              </h1>
            </div>
          </div>
        </div>
      </div>
    </div>
  </div>
</div>
`;

exports[`SmartPick component Stars in grid are selected after being clicked 1`] = `
<div
  className="container"
>
  <div
    className="row"
  >
    <span
      className="fa fa-list-ol fa-2x float-left ml-2 mr-2"
    />
    <h3>
      smart_pick
    </h3>
    <div
      className="col-12"
    >
      <hr />
    </div>
  </div>
  <div
    className="row row-content"
  >
    <div
      className="col-sm grid-container"
    >
      <div
        className="grid-numbers"
      >
        <div
          className="col-12"
        >
          <table>
            <tbody>
              <tr>
                <td>
                  <button
                    className="ball"
                    id="1-number"
                    onClick={[Function]}
                  >
                    1
                  </button>
                </td>
                <td>
                  <button
                    className="ball"
                    id="2-number"
                    onClick={[Function]}
                  >
                    2
                  </button>
                </td>
                <td>
                  <button
                    className="ball"
                    id="3-number"
                    onClick={[Function]}
                  >
                    3
                  </button>
                </td>
                <td>
                  <button
                    className="ball"
                    id="4-number"
                    onClick={[Function]}
                  >
                    4
                  </button>
                </td>
                <td>
                  <button
                    className="ball"
                    id="5-number"
                    onClick={[Function]}
                  >
                    5
                  </button>
                </td>
              </tr>
              <tr>
                <td>
                  <button
                    className="ball"
                    id="6-number"
                    onClick={[Function]}
                  >
                    6
                  </button>
                </td>
                <td>
                  <button
                    className="ball"
                    id="7-number"
                    onClick={[Function]}
                  >
                    7
                  </button>
                </td>
                <td>
                  <button
                    className="ball"
                    id="8-number"
                    onClick={[Function]}
                  >
                    8
                  </button>
                </td>
                <td>
                  <button
                    className="ball"
                    id="9-number"
                    onClick={[Function]}
                  >
                    9
                  </button>
                </td>
                <td>
                  <button
                    className="ball"
                    id="10-number"
                    onClick={[Function]}
                  >
                    10
                  </button>
                </td>
              </tr>
              <tr>
                <td>
                  <button
                    className="ball"
                    id="11-number"
                    onClick={[Function]}
                  >
                    11
                  </button>
                </td>
                <td>
                  <button
                    className="ball"
                    id="12-number"
                    onClick={[Function]}
                  >
                    12
                  </button>
                </td>
                <td>
                  <button
                    className="ball"
                    id="13-number"
                    onClick={[Function]}
                  >
                    13
                  </button>
                </td>
                <td>
                  <button
                    className="ball"
                    id="14-number"
                    onClick={[Function]}
                  >
                    14
                  </button>
                </td>
                <td>
                  <button
                    className="ball"
                    id="15-number"
                    onClick={[Function]}
                  >
                    15
                  </button>
                </td>
              </tr>
              <tr>
                <td>
                  <button
                    className="ball"
                    id="16-number"
                    onClick={[Function]}
                  >
                    16
                  </button>
                </td>
                <td>
                  <button
                    className="ball"
                    id="17-number"
                    onClick={[Function]}
                  >
                    17
                  </button>
                </td>
                <td>
                  <button
                    className="ball"
                    id="18-number"
                    onClick={[Function]}
                  >
                    18
                  </button>
                </td>
                <td>
                  <button
                    className="ball"
                    id="19-number"
                    onClick={[Function]}
                  >
                    19
                  </button>
                </td>
                <td>
                  <button
                    className="ball"
                    id="20-number"
                    onClick={[Function]}
                  >
                    20
                  </button>
                </td>
              </tr>
              <tr>
                <td>
                  <button
                    className="ball"
                    id="21-number"
                    onClick={[Function]}
                  >
                    21
                  </button>
                </td>
                <td>
                  <button
                    className="ball"
                    id="22-number"
                    onClick={[Function]}
                  >
                    22
                  </button>
                </td>
                <td>
                  <button
                    className="ball"
                    id="23-number"
                    onClick={[Function]}
                  >
                    23
                  </button>
                </td>
                <td>
                  <button
                    className="ball"
                    id="24-number"
                    onClick={[Function]}
                  >
                    24
                  </button>
                </td>
                <td>
                  <button
                    className="ball"
                    id="25-number"
                    onClick={[Function]}
                  >
                    25
                  </button>
                </td>
              </tr>
              <tr>
                <td>
                  <button
                    className="ball"
                    id="26-number"
                    onClick={[Function]}
                  >
                    26
                  </button>
                </td>
                <td>
                  <button
                    className="ball"
                    id="27-number"
                    onClick={[Function]}
                  >
                    27
                  </button>
                </td>
                <td>
                  <button
                    className="ball"
                    id="28-number"
                    onClick={[Function]}
                  >
                    28
                  </button>
                </td>
                <td>
                  <button
                    className="ball"
                    id="29-number"
                    onClick={[Function]}
                  >
                    29
                  </button>
                </td>
                <td>
                  <button
                    className="ball"
                    id="30-number"
                    onClick={[Function]}
                  >
                    30
                  </button>
                </td>
              </tr>
              <tr>
                <td>
                  <button
                    className="ball"
                    id="31-number"
                    onClick={[Function]}
                  >
                    31
                  </button>
                </td>
                <td>
                  <button
                    className="ball"
                    id="32-number"
                    onClick={[Function]}
                  >
                    32
                  </button>
                </td>
                <td>
                  <button
                    className="ball"
                    id="33-number"
                    onClick={[Function]}
                  >
                    33
                  </button>
                </td>
                <td>
                  <button
                    className="ball"
                    id="34-number"
                    onClick={[Function]}
                  >
                    34
                  </button>
                </td>
                <td>
                  <button
                    className="ball"
                    id="35-number"
                    onClick={[Function]}
                  >
                    35
                  </button>
                </td>
              </tr>
              <tr>
                <td>
                  <button
                    className="ball"
                    id="36-number"
                    onClick={[Function]}
                  >
                    36
                  </button>
                </td>
                <td>
                  <button
                    className="ball"
                    id="37-number"
                    onClick={[Function]}
                  >
                    37
                  </button>
                </td>
                <td>
                  <button
                    className="ball"
                    id="38-number"
                    onClick={[Function]}
                  >
                    38
                  </button>
                </td>
                <td>
                  <button
                    className="ball"
                    id="39-number"
                    onClick={[Function]}
                  >
                    39
                  </button>
                </td>
                <td>
                  <button
                    className="ball"
                    id="40-number"
                    onClick={[Function]}
                  >
                    40
                  </button>
                </td>
              </tr>
              <tr>
                <td>
                  <button
                    className="ball"
                    id="41-number"
                    onClick={[Function]}
                  >
                    41
                  </button>
                </td>
                <td>
                  <button
                    className="ball"
                    id="42-number"
                    onClick={[Function]}
                  >
                    42
                  </button>
                </td>
                <td>
                  <button
                    className="ball"
                    id="43-number"
                    onClick={[Function]}
                  >
                    43
                  </button>
                </td>
                <td>
                  <button
                    className="ball"
                    id="44-number"
                    onClick={[Function]}
                  >
                    44
                  </button>
                </td>
                <td>
                  <button
                    className="ball"
                    id="45-number"
                    onClick={[Function]}
                  >
                    45
                  </button>
                </td>
              </tr>
              <tr>
                <td>
                  <button
                    className="ball"
                    id="46-number"
                    onClick={[Function]}
                  >
                    46
                  </button>
                </td>
                <td>
                  <button
                    className="ball"
                    id="47-number"
                    onClick={[Function]}
                  >
                    47
                  </button>
                </td>
                <td>
                  <button
                    className="ball"
                    id="48-number"
                    onClick={[Function]}
                  >
                    48
                  </button>
                </td>
                <td>
                  <button
                    className="ball"
                    id="49-number"
                    onClick={[Function]}
                  >
                    49
                  </button>
                </td>
                <td>
                  <button
                    className="ball"
                    id="50-number"
                    onClick={[Function]}
                  >
                    50
                  </button>
                </td>
              </tr>
            </tbody>
          </table>
        </div>
      </div>
      <div
        className="grid-stars"
      >
        <div
          className="col-12"
        >
          <table>
            <tbody>
              <tr>
                <td>
                  <button
                    className="ball"
                    id="1-star"
                    onClick={[Function]}
                  >
                    1
                  </button>
                </td>
                <td>
                  <button
                    className="ball"
                    id="2-star"
                    onClick={[Function]}
                  >
                    2
                  </button>
                </td>
                <td>
                  <button
                    className="ball"
                    id="3-star"
                    onClick={[Function]}
                  >
                    3
                  </button>
                </td>
                <td>
                  <button
                    className="ball"
                    id="4-star"
                    onClick={[Function]}
                  >
                    4
                  </button>
                </td>
                <td>
                  <button
                    className="ball"
                    id="5-star"
                    onClick={[Function]}
                  >
                    5
                  </button>
                </td>
              </tr>
              <tr>
                <td>
                  <button
                    className="ball"
                    id="6-star"
                    onClick={[Function]}
                  >
                    6
                  </button>
                </td>
                <td>
                  <button
                    className="ball"
                    id="7-star"
                    onClick={[Function]}
                  >
                    7
                  </button>
                </td>
                <td>
                  <button
                    className="ball"
                    id="8-star"
                    onClick={[Function]}
                  >
                    8
                  </button>
                </td>
                <td>
                  <button
                    className="ball"
                    id="9-star"
                    onClick={[Function]}
                  >
                    9
                  </button>
                </td>
                <td>
                  <button
                    className="ball"
                    id="10-star"
                    onClick={[Function]}
                  >
                    10
                  </button>
                </td>
              </tr>
              <tr>
                <td>
                  <button
                    className="ball"
                    id="11-star"
                    onClick={[Function]}
                  >
                    11
                  </button>
                </td>
                <td>
                  <button
                    className="ball"
                    id="12-star"
                    onClick={[Function]}
                  >
                    12
                  </button>
                </td>
              </tr>
            </tbody>
          </table>
        </div>
      </div>
    </div>
    <div
      className="col-sm align-self-center selection-container"
    >
      <div
        className="selection-numbers-and-stars"
      >
        <h5>
          <img
            alt="Selected balls"
            height="40"
            src="assets/images/ball.png"
            width="40"
          />
          <span
            className="selection numbers"
            id="selection-numbers"
          />
        </h5>
        <h5>
          <img
            alt="Selected stars"
            height="40"
            src="assets/images/star.jpg"
            width="40"
          />
          <span
            className="selection stars"
            id="selection-stars"
          />
        </h5>
      </div>
      <button
        className="generate-button"
        id="generate-button"
        onClick={[Function]}
      >
        generate
      </button>
      <button
        className="reset-button"
        id="reset-button"
        onClick={[Function]}
      >
        reset
      </button>
    </div>
    <div
      className="col-sm align-self-center probability-container"
    >
      <div
        data-test-id="CircularProgressbarWithChildren"
      >
        <div
          style={
            Object {
              "height": "100%",
              "position": "relative",
              "width": "100%",
            }
          }
        >
          <svg
            className="CircularProgressbar "
            data-test-id="CircularProgressbar"
            style={Object {}}
            viewBox="0 0 100 100"
          >
            <path
              className="CircularProgressbar-trail"
              d="
      M 50,50
      m 0,-46
      a 46,46 0 1 1 0,92
      a 46,46 0 1 1 0,-92
    "
              fillOpacity={0}
              strokeWidth={8}
              style={
                Object {
                  "strokeDasharray": "289.02652413026095px 289.02652413026095px",
                  "strokeDashoffset": "0px",
                }
              }
            />
            <path
              className="CircularProgressbar-path"
              d="
      M 50,50
      m 0,-46
      a 46,46 0 1 1 0,92
      a 46,46 0 1 1 0,-92
    "
              fillOpacity={0}
              strokeWidth={8}
              style={
                Object {
                  "strokeDasharray": "289.02652413026095px 289.02652413026095px",
                  "strokeDashoffset": "289.02652413026095px",
                }
              }
            />
          </svg>
          <div
            data-test-id="CircularProgressbarWithChildren__children"
            style={
              Object {
                "alignItems": "center",
                "display": "flex",
                "flexDirection": "column",
                "height": "100%",
                "justifyContent": "center",
                "marginTop": "-100%",
                "position": "absolute",
                "width": "100%",
              }
            }
          >
            <div
              style={
                Object {
                  "fontSize": 16,
                  "marginTop": -5,
                  "textAlign": "center",
                }
              }
            >
              <p>
                probability_of_success
              </p>
              <h1
                id="probability"
              >
                0%
              </h1>
            </div>
          </div>
        </div>
      </div>
    </div>
  </div>
</div>
`;
